[    0.000000] Initializing cgroup subsys cpuset
[    0.000000] Initializing cgroup subsys cpu
[    0.000000] Initializing cgroup subsys cpuacct
[    0.000000] Linux version 4.4.0-66-generic (buildd@lgw01-28) (gcc version 5.4.0 20160609 (Ubuntu 5.4.0-6ubuntu1~16.04.4) ) #87-Ubuntu SMP Fri Mar 3 15:29:05 UTC 2017 (Ubuntu 4.4.0-66.87-generic 4.4.44)
[    0.000000] Command line: BOOT_IMAGE=/ROOT/ubuntu@/boot/vmlinuz-4.4.0-66-generic root=ZFS=rpool/ROOT/ubuntu ro boot=zfs console=tty1 console=ttyS0 ip=dhcp tsc=reliable net.ifnames=0
[    0.000000] KERNEL supported cpus:
[    0.000000]   Intel GenuineIntel
[    0.000000]   AMD AuthenticAMD
[    0.000000]   Centaur CentaurHauls
[    0.000000] x86/fpu: xstate_offset[2]:  576, xstate_sizes[2]:  256
[    0.000000] x86/fpu: Supporting XSAVE feature 0x01: 'x87 floating point registers'
[    0.000000] x86/fpu: Supporting XSAVE feature 0x02: 'SSE registers'
[    0.000000] x86/fpu: Supporting XSAVE feature 0x04: 'AVX registers'
[    0.000000] x86/fpu: Enabled xstate features 0x7, context size is 832 bytes, using 'standard' format.
[    0.000000] x86/fpu: Using 'eager' FPU context switches.
[    0.000000] e820: BIOS-provided physical RAM map:
[    0.000000] BIOS-e820: [mem 0x0000000000000000-0x000000000009dfff] usable
[    0.000000] BIOS-e820: [mem 0x000000000009e000-0x000000000009ffff] reserved
[    0.000000] BIOS-e820: [mem 0x00000000000e0000-0x00000000000fffff] reserved
[    0.000000] BIOS-e820: [mem 0x0000000000100000-0x000000003fffffff] usable
[    0.000000] BIOS-e820: [mem 0x00000000fc000000-0x00000000ffffffff] reserved
[    0.000000] NX (Execute Disable) protection: active
[    0.000000] SMBIOS 2.4 present.
[    0.000000] Hypervisor detected: Xen
[    0.000000] Xen version 4.2.
[    0.000000] Netfront and the Xen platform PCI driver have been compiled for this kernel: unplug emulated NICs.
[    0.000000] Blkfront and the Xen platform PCI driver have been compiled for this kernel: unplug emulated disks.
[    0.000000] You might have to change the root device
[    0.000000] from /dev/hd[a-d] to /dev/xvd[a-d]
[    0.000000] in your root= kernel command line option
[    0.000000] e820: last_pfn = 0x40000 max_arch_pfn = 0x400000000
[    0.000000] x86/PAT: Configuration [0-7]: WB  WC  UC- UC  WB  WC  UC- WT  
[    0.000000] found SMP MP-table at [mem 0x000fbc20-0x000fbc2f] mapped at [ffff8800000fbc20]
[    0.000000] Scanning 1 areas for low memory corruption
[    0.000000] RAMDISK: [mem 0x33f42000-0x35f98fff]
[    0.000000] ACPI: Early table checksum verification disabled
[    0.000000] ACPI: RSDP 0x00000000000EA020 000024 (v02 Xen   )
[    0.000000] ACPI: XSDT 0x00000000FC00DDC0 000054 (v01 Xen    HVM      00000000 HVML 00000000)
[    0.000000] ACPI: FACP 0x00000000FC00DA80 0000F4 (v04 Xen    HVM      00000000 HVML 00000000)
[    0.000000] ACPI: DSDT 0x00000000FC001CE0 00BD19 (v02 Xen    HVM      00000000 INTL 20090123)
[    0.000000] ACPI: FACS 0x00000000FC001CA0 000040
[    0.000000] ACPI: FACS 0x00000000FC001CA0 000040
[    0.000000] ACPI: APIC 0x00000000FC00DB80 0000D8 (v02 Xen    HVM      00000000 HVML 00000000)
[    0.000000] ACPI: HPET 0x00000000FC00DCD0 000038 (v01 Xen    HVM      00000000 HVML 00000000)
[    0.000000] ACPI: WAET 0x00000000FC00DD10 000028 (v01 Xen    HVM      00000000 HVML 00000000)
[    0.000000] ACPI: SSDT 0x00000000FC00DD40 000031 (v02 Xen    HVM      00000000 INTL 20090123)
[    0.000000] ACPI: SSDT 0x00000000FC00DD80 000031 (v02 Xen    HVM      00000000 INTL 20090123)
[    0.000000] No NUMA configuration found
[    0.000000] Faking a node at [mem 0x0000000000000000-0x000000003fffffff]
[    0.000000] NODE_DATA(0) allocated [mem 0x3fffb000-0x3fffffff]
[    0.000000] Zone ranges:
[    0.000000]   DMA      [mem 0x0000000000001000-0x0000000000ffffff]
[    0.000000]   DMA32    [mem 0x0000000001000000-0x000000003fffffff]
[    0.000000]   Normal   empty
[    0.000000]   Device   empty
[    0.000000] Movable zone start for each node
[    0.000000] Early memory node ranges
[    0.000000]   node   0: [mem 0x0000000000001000-0x000000000009dfff]
[    0.000000]   node   0: [mem 0x0000000000100000-0x000000003fffffff]
[    0.000000] Initmem setup node 0 [mem 0x0000000000001000-0x000000003fffffff]
[    0.000000] ACPI: PM-Timer IO Port: 0xb008
[    0.000000] IOAPIC[0]: apic_id 1, version 17, address 0xfec00000, GSI 0-47
[    0.000000] ACPI: INT_SRC_OVR (bus 0 bus_irq 0 global_irq 2 dfl dfl)
[    0.000000] ACPI: INT_SRC_OVR (bus 0 bus_irq 5 global_irq 5 low level)
[    0.000000] ACPI: INT_SRC_OVR (bus 0 bus_irq 10 global_irq 10 low level)
[    0.000000] ACPI: INT_SRC_OVR (bus 0 bus_irq 11 global_irq 11 low level)
[    0.000000] Using ACPI (MADT) for SMP configuration information
[    0.000000] ACPI: HPET id: 0x8086a201 base: 0xfed00000
[    0.000000] smpboot: Allowing 15 CPUs, 14 hotplug CPUs
[    0.000000] PM: Registered nosave memory: [mem 0x00000000-0x00000fff]
[    0.000000] PM: Registered nosave memory: [mem 0x0009e000-0x0009ffff]
[    0.000000] PM: Registered nosave memory: [mem 0x000a0000-0x000dffff]
[    0.000000] PM: Registered nosave memory: [mem 0x000e0000-0x000fffff]
[    0.000000] e820: [mem 0x40000000-0xfbffffff] available for PCI devices
[    0.000000] Booting paravirtualized kernel on Xen HVM
[    0.000000] clocksource: refined-jiffies: mask: 0xffffffff max_cycles: 0xffffffff, max_idle_ns: 7645519600211568 ns
[    0.000000] setup_percpu: NR_CPUS:512 nr_cpumask_bits:512 nr_cpu_ids:15 nr_node_ids:1
[    0.000000] PERCPU: Embedded 33 pages/cpu @ffff88003e200000 s98264 r8192 d28712 u262144
[    0.000000] PV qspinlock hash table entries: 256 (order: 0, 4096 bytes)
[    0.000000] Built 1 zonelists in Node order, mobility grouping on.  Total pages: 257928
[    0.000000] Policy zone: DMA32
[    0.000000] Kernel command line: BOOT_IMAGE=/ROOT/ubuntu@/boot/vmlinuz-4.4.0-66-generic root=ZFS=rpool/ROOT/ubuntu ro boot=zfs console=tty1 console=ttyS0 ip=dhcp tsc=reliable net.ifnames=0
[    0.000000] PID hash table entries: 4096 (order: 3, 32768 bytes)
[    0.000000] Memory: 977832K/1048180K available (8452K kernel code, 1293K rwdata, 3980K rodata, 1488K init, 1316K bss, 70348K reserved, 0K cma-reserved)
[    0.000000] SLUB: HWalign=64, Order=0-3, MinObjects=0, CPUs=15, Nodes=1
[    0.000000] Hierarchical RCU implementation.
[    0.000000] 	Build-time adjustment of leaf fanout to 64.
[    0.000000] 	RCU restricting CPUs from NR_CPUS=512 to nr_cpu_ids=15.
[    0.000000] RCU: Adjusting geometry for rcu_fanout_leaf=64, nr_cpu_ids=15
[    0.000000] NR_IRQS:33024 nr_irqs:952 16
[    0.000000] xen:events: Using 2-level ABI
[    0.000000] xen:events: Xen HVM callback vector for event delivery is enabled
[    0.000000] Console: colour VGA+ 80x25
[    0.000000] console [tty1] enabled
[    0.000000] Cannot get hvm parameter CONSOLE_EVTCHN (18): -22!
[    0.000000] console [ttyS0] enabled
[    0.000000] clocksource: hpet: mask: 0xffffffff max_cycles: 0xffffffff, max_idle_ns: 30580167144 ns
[    0.000000] tsc: Detected 2400.034 MHz processor
[    0.008000] Calibrating delay loop (skipped), value calculated using timer frequency.. 4800.06 BogoMIPS (lpj=9600136)
[    0.016003] pid_max: default: 32768 minimum: 301
[    0.020011] ACPI: Core revision 20150930
[    0.029155] ACPI: 3 ACPI AML tables successfully acquired and loaded
[    0.032790] Security Framework initialized
[    0.036003] Yama: becoming mindful.
[    0.038539] AppArmor: AppArmor initialized
[    0.040087] Dentry cache hash table entries: 131072 (order: 8, 1048576 bytes)
[    0.044179] Inode-cache hash table entries: 65536 (order: 7, 524288 bytes)
[    0.048082] Mount-cache hash table entries: 2048 (order: 2, 16384 bytes)
[    0.052004] Mountpoint-cache hash table entries: 2048 (order: 2, 16384 bytes)
[    0.056206] Initializing cgroup subsys io
[    0.060005] Initializing cgroup subsys memory
[    0.064013] Initializing cgroup subsys devices
[    0.068008] Initializing cgroup subsys freezer
[    0.070866] Initializing cgroup subsys net_cls
[    0.072007] Initializing cgroup subsys perf_event
[    0.076007] Initializing cgroup subsys net_prio
[    0.078825] Initializing cgroup subsys hugetlb
[    0.080006] Initializing cgroup subsys pids
[    0.084056] CPU: Physical Processor ID: 0
[    0.088774] mce: CPU supports 2 MCE banks
[    0.092022] Last level iTLB entries: 4KB 1024, 2MB 1024, 4MB 1024
[    0.096002] Last level dTLB entries: 4KB 1024, 2MB 1024, 4MB 1024, 1GB 4
[    0.114631] ftrace: allocating 32123 entries in 126 pages
[    0.144089] smpboot: APIC(0) Converting physical 0 to logical package 0
[    0.148004] smpboot: Max logical packages: 15
[    0.152665] x2apic: IRQ remapping doesn't support X2APIC mode
[    0.156003] Switched APIC routing to physical flat.
[    0.162259] ..TIMER: vector=0x30 apic1=0 pin1=2 apic2=0 pin2=0
[    0.206150] clocksource: xen: mask: 0xffffffffffffffff max_cycles: 0x1cd42e4dffb, max_idle_ns: 881590591483 ns
[    0.212013] installing Xen timer for CPU 0
[    0.215129] smpboot: CPU0: Intel(R) Xeon(R) CPU E5-2676 v3 @ 2.40GHz (family: 0x6, model: 0x3f, stepping: 0x2)
[    0.219696] cpu 0 spinlock event irq 53
[    0.220015] Performance Events: unsupported p6 CPU model 63 no PMU driver, software events only.
[    0.224822] x86: Booted up 1 node, 1 CPUs
[    0.227777] smpboot: Total of 1 processors activated (4800.06 BogoMIPS)
[    0.228009] NMI watchdog: disabled (cpu0): hardware events not enabled
[    0.232003] NMI watchdog: Shutting down hard lockup detector on all cpus
[    0.236347] devtmpfs: initialized
[    0.241453] evm: security.selinux
[    0.244000] evm: security.SMACK64
[    0.244005] evm: security.SMACK64EXEC
[    0.246747] evm: security.SMACK64TRANSMUTE
[    0.248003] evm: security.SMACK64MMAP
[    0.250642] evm: security.ima
[    0.252003] evm: security.capability
[    0.254768] clocksource: jiffies: mask: 0xffffffff max_cycles: 0xffffffff, max_idle_ns: 7645041785100000 ns
[    0.256097] pinctrl core: initialized pinctrl subsystem
[    0.259701] RTC time: 19:16:59, date: 04/15/17
[    0.260139] NET: Registered protocol family 16
[    0.263351] cpuidle: using governor ladder
[    0.264010] cpuidle: using governor menu
[    0.266747] PCCT header not found.
[    0.268096] ACPI: bus type PCI registered
[    0.270972] acpiphp: ACPI Hot Plug PCI Controller Driver version: 0.5
[    0.272333] PCI: Using configuration type 1 for base access
[    0.277076] ACPI: Added _OSI(Module Device)
[    0.280000] ACPI: Added _OSI(Processor Device)
[    0.280006] ACPI: Added _OSI(3.0 _SCP Extensions)
[    0.283358] ACPI: Added _OSI(Processor Aggregator Device)
[    0.287419] ACPI: Interpreter enabled
[    0.288019] ACPI: (supports S0 S3 S4 S5)
[    0.290922] ACPI: Using IOAPIC for interrupt routing
[    0.292027] PCI: Using host bridge windows from ACPI; if necessary, use "pci=nocrs" and report a bug
[    0.338332] ACPI: PCI Root Bridge [PCI0] (domain 0000 [bus 00-ff])
[    0.340013] acpi PNP0A03:00: _OSC: OS supports [ASPM ClockPM Segments MSI]
[    0.344014] acpi PNP0A03:00: _OSC failed (AE_NOT_FOUND); disabling ASPM
[    0.348000] acpi PNP0A03:00: fail to add MMCONFIG information, can't access extended PCI configuration space under this bridge.
[    0.348874] acpiphp: Slot [0] registered
[    0.352412] acpiphp: Slot [3] registered
[    0.355514] acpiphp: Slot [4] registered
[    0.356339] acpiphp: Slot [5] registered
[    0.359419] acpiphp: Slot [6] registered
[    0.360296] acpiphp: Slot [7] registered
[    0.363224] acpiphp: Slot [8] registered
[    0.364276] acpiphp: Slot [9] registered
[    0.367177] acpiphp: Slot [10] registered
[    0.368325] acpiphp: Slot [11] registered
[    0.371665] acpiphp: Slot [12] registered
[    0.372281] acpiphp: Slot [13] registered
[    0.375354] acpiphp: Slot [14] registered
[    0.376307] acpiphp: Slot [15] registered
[    0.379444] acpiphp: Slot [16] registered
[    0.380289] acpiphp: Slot [17] registered
[    0.383363] acpiphp: Slot [18] registered
[    0.384537] acpiphp: Slot [19] registered
[    0.387541] acpiphp: Slot [20] registered
[    0.388274] acpiphp: Slot [21] registered
[    0.391383] acpiphp: Slot [22] registered
[    0.392281] acpiphp: Slot [23] registered
[    0.395360] acpiphp: Slot [24] registered
[    0.396280] acpiphp: Slot [25] registered
[    0.399349] acpiphp: Slot [26] registered
[    0.400300] acpiphp: Slot [27] registered
[    0.403411] acpiphp: Slot [28] registered
[    0.404276] acpiphp: Slot [29] registered
[    0.407417] acpiphp: Slot [30] registered
[    0.408285] acpiphp: Slot [31] registered
[    0.411368] PCI host bridge to bus 0000:00
[    0.412007] pci_bus 0000:00: root bus resource [io  0x0000-0x0cf7 window]
[    0.416004] pci_bus 0000:00: root bus resource [io  0x0d00-0xffff window]
[    0.420004] pci_bus 0000:00: root bus resource [mem 0x000a0000-0x000bffff window]
[    0.424005] pci_bus 0000:00: root bus resource [mem 0xf0000000-0xfbffffff window]
[    0.428008] pci_bus 0000:00: root bus resource [bus 00-ff]
[    0.437242] pci 0000:00:01.1: legacy IDE quirk: reg 0x10: [io  0x01f0-0x01f7]
[    0.440006] pci 0000:00:01.1: legacy IDE quirk: reg 0x14: [io  0x03f6]
[    0.444007] pci 0000:00:01.1: legacy IDE quirk: reg 0x18: [io  0x0170-0x0177]
[    0.448004] pci 0000:00:01.1: legacy IDE quirk: reg 0x1c: [io  0x0376]
[    0.452943] * Found PM-Timer Bug on the chipset. Due to workarounds for a bug,
[    0.452943] * this clock source is slow. Consider trying other clock sources
[    0.457306] pci 0000:00:01.3: quirk: [io  0xb000-0xb03f] claimed by PIIX4 ACPI
[    0.466943] ACPI: PCI Interrupt Link [LNKA] (IRQs *5 10 11)
[    0.471233] ACPI: PCI Interrupt Link [LNKB] (IRQs 5 *10 11)
[    0.475251] ACPI: PCI Interrupt Link [LNKC] (IRQs 5 10 *11)
[    0.479026] ACPI: PCI Interrupt Link [LNKD] (IRQs *5 10 11)
[    0.499574] ACPI: Enabled 2 GPEs in block 00 to 0F
[    0.500081] xen:balloon: Initialising balloon driver
[    0.508023] xen_balloon: Initialising balloon driver
[    0.511561] vgaarb: setting as boot device: PCI:0000:00:02.0
[    0.511561] vgaarb: device added: PCI:0000:00:02.0,decodes=io+mem,owns=io+mem,locks=none
[    0.512011] vgaarb: loaded
[    0.514285] vgaarb: bridge control possible 0000:00:02.0
[    0.516250] SCSI subsystem initialized
[    0.519793] ACPI: bus type USB registered
[    0.520022] usbcore: registered new interface driver usbfs
[    0.523586] usbcore: registered new interface driver hub
[    0.524027] usbcore: registered new device driver usb
[    0.527468] PCI: Using ACPI for IRQ routing
[    0.528541] NetLabel: Initializing
[    0.531163] NetLabel:  domain hash size = 128
[    0.532005] NetLabel:  protocols = UNLABELED CIPSOv4
[    0.535220] NetLabel:  unlabeled traffic allowed by default
[    0.536123] HPET: 3 timers in total, 0 timers will be used for per-cpu timer
[    0.540017] hpet0: at MMIO 0xfed00000, IRQs 2, 8, 0
[    0.544005] hpet0: 3 comparators, 64-bit 62.500000 MHz counter
[    0.550061] amd_nb: Cannot enumerate AMD northbridges
[    0.552018] clocksource: Switched to clocksource xen
[    0.560410] AppArmor: AppArmor Filesystem Enabled
[    0.563801] pnp: PnP ACPI init
[    0.566374] system 00:00: [mem 0x00000000-0x0009ffff] could not be reserved
[    0.570892] system 00:01: [io  0x08a0-0x08a3] has been reserved
[    0.574706] system 00:01: [io  0x0cc0-0x0ccf] has been reserved
[    0.578646] system 00:01: [io  0x04d0-0x04d1] has been reserved
[    0.582817] system 00:07: [io  0x10c0-0x1141] has been reserved
[    0.586501] system 00:07: [io  0xb044-0xb047] has been reserved
[    0.607441] pnp: PnP ACPI: found 8 devices
[    0.615814] clocksource: acpi_pm: mask: 0xffffff max_cycles: 0xffffff, max_idle_ns: 2085701024 ns
[    0.622201] NET: Registered protocol family 2
[    0.625412] TCP established hash table entries: 8192 (order: 4, 65536 bytes)
[    0.630009] TCP bind hash table entries: 8192 (order: 5, 131072 bytes)
[    0.634296] TCP: Hash tables configured (established 8192 bind 8192)
[    0.638748] UDP hash table entries: 512 (order: 2, 16384 bytes)
[    0.643027] UDP-Lite hash table entries: 512 (order: 2, 16384 bytes)
[    0.647288] NET: Registered protocol family 1
[    0.650255] pci 0000:00:00.0: Limiting direct PCI/PCI transfers
[    0.654147] pci 0000:00:01.0: PIIX3: Enabling Passive Release
[    0.658003] pci 0000:00:01.0: Activating ISA DMA hang workarounds
[    0.662253] Trying to unpack rootfs image as initramfs...
[    1.113334] Freeing initrd memory: 33116K (ffff880033f42000 - ffff880035f99000)
[    1.118583] RAPL PMU detected, API unit is 2^-32 Joules, 3 fixed counters 655360 ms ovfl timer
[    1.124364] hw unit of domain pp0-core 2^-14 Joules
[    1.127701] hw unit of domain package 2^-14 Joules
[    1.130992] hw unit of domain dram 2^-16 Joules
[    1.134491] Scanning for low memory corruption every 60 seconds
[    1.138669] futex hash table entries: 4096 (order: 6, 262144 bytes)
[    1.143069] audit: initializing netlink subsys (disabled)
[    1.146827] audit: type=2000 audit(1492283820.342:1): initialized
[    1.150950] Initialise system trusted keyring
[    1.154258] HugeTLB registered 2 MB page size, pre-allocated 0 pages
[    1.159641] zbud: loaded
[    1.161868] VFS: Disk quotas dquot_6.6.0
[    1.164639] VFS: Dquot-cache hash table entries: 512 (order 0, 4096 bytes)
[    1.169105] squashfs: version 4.0 (2009/01/31) Phillip Lougher
[    1.174453] fuse init (API version 7.23)
[    1.177294] Key type big_key registered
[    1.179933] Allocating IMA MOK and blacklist keyrings.
[    1.183903] Key type asymmetric registered
[    1.187137] Asymmetric key parser 'x509' registered
[    1.190507] Block layer SCSI generic (bsg) driver version 0.4 loaded (major 249)
[    1.195651] io scheduler noop registered
[    1.198573] io scheduler deadline registered (default)
[    1.201902] io scheduler cfq registered
[    1.204666] pci_hotplug: PCI Hot Plug PCI Core version: 0.5
[    1.208392] pciehp: PCI Express Hot Plug Controller Driver version: 0.4
[    1.212946] input: Power Button as /devices/LNXSYSTM:00/LNXPWRBN:00/input/input0
[    1.218067] ACPI: Power Button [PWRF]
[    1.220987] input: Sleep Button as /devices/LNXSYSTM:00/LNXSLPBN:00/input/input1
[    1.225872] ACPI: Sleep Button [SLPF]
[    1.228889] GHES: HEST is not enabled!
[    1.232208] xen:grant_table: Grant tables using version 1 layout
[    1.236180] Grant table initialized
[    1.238805] Cannot get hvm parameter CONSOLE_EVTCHN (18): -22!
[    1.242957] Serial: 8250/16550 driver, 32 ports, IRQ sharing enabled
[    1.277320] 00:06: ttyS0 at I/O 0x3f8 (irq = 4, base_baud = 115200) is a 16550A
[    1.283537] Linux agpgart interface v0.103
[    1.288146] brd: module loaded
[    1.292535] loop: module loaded
[    1.297237] scsi host0: ata_piix
[    1.300283] scsi host1: ata_piix
[    1.303087] ata1: PATA max MWDMA2 cmd 0x1f0 ctl 0x3f6 bmdma 0xc100 irq 14
[    1.307145] ata2: PATA max MWDMA2 cmd 0x170 ctl 0x376 bmdma 0xc108 irq 15
[    1.313660] libphy: Fixed MDIO Bus: probed
[    1.316739] tun: Universal TUN/TAP device driver, 1.6
[    1.320043] tun: (C) 1999-2004 Max Krasnyansky <maxk@qualcomm.com>
[    1.324388] PPP generic driver version 2.4.2
[    1.327775] xen_netfront: Initialising Xen virtual ethernet driver
[    1.338700] ehci_hcd: USB 2.0 'Enhanced' Host Controller (EHCI) Driver
[    1.343418] ehci-pci: EHCI PCI platform driver
[    1.346540] ehci-platform: EHCI generic platform driver
[    1.350041] ohci_hcd: USB 1.1 'Open' Host Controller (OHCI) Driver
[    1.353906] ohci-pci: OHCI PCI platform driver
[    1.356933] ohci-platform: OHCI generic platform driver
[    1.360368] uhci_hcd: USB Universal Host Controller Interface driver
[    1.364389] i8042: PNP: PS/2 Controller [PNP0303:PS2K,PNP0f13:PS2M] at 0x60,0x64 irq 1,12
[    1.371678] serio: i8042 KBD port at 0x60,0x64 irq 1
[    1.374947] serio: i8042 AUX port at 0x60,0x64 irq 12
[    1.378475] mousedev: PS/2 mouse device common for all mice
[    1.383144] input: AT Translated Set 2 keyboard as /devices/platform/i8042/serio0/input/input2
[    1.389168] rtc_cmos 00:02: rtc core: registered rtc_cmos as rtc0
[    1.393584] rtc_cmos 00:02: alarms up to one day, 114 bytes nvram, hpet irqs
[    1.397882] i2c /dev entries driver
[    1.400858] device-mapper: uevent: version 1.0.3
[    1.404336] device-mapper: ioctl: 4.34.0-ioctl (2015-10-28) initialised: dm-devel@redhat.com
[    1.410816] ledtrig-cpu: registered to indicate activity on CPUs
[    1.415009] NET: Registered protocol family 10
[    1.428253] NET: Registered protocol family 17
[    1.432463] Key type dns_resolver registered
[    1.435801] microcode: CPU0 sig=0x306f2, pf=0x1, revision=0x36
[    1.439754] microcode: Microcode Update Driver: v2.01 <tigran@aivazian.fsnet.co.uk>, Peter Oruba
[    1.445546] registered taskstats version 1
[    1.448724] Loading compiled-in X.509 certificates
[    1.455198] Loaded X.509 cert 'Build time autogenerated kernel key: 32ca4feee90b5cde51f5f8c0e024b22f8c679982'
[    1.465512] zswap: loaded using pool lzo/zbud
[    1.470916] blkfront: xvda: barrier or flush: disabled; persistent grants: disabled; indirect descriptors: enabled;
[    1.482355] Key type trusted registered
[    1.505482] Key type encrypted registered
[    1.509131] AppArmor: AppArmor sha1 policy hashing enabled
[    1.514627] ima: No TPM chip found, activating TPM-bypass!
[    1.519188] evm: HMAC attrs: 0x1
[    1.525153]  xvda: xvda1 xvda2
[    1.620165]   Magic number: 13:848:293
[    1.624022] tty tty26: hash matches
[    1.627400] rtc_cmos 00:02: setting system clock to 2017-04-15 19:17:00 UTC (1492283820)
[    1.634304] BIOS EDD facility v0.16 2004-Jun-25, 0 devices found
[    1.639061] EDD information not available.
[    1.644452] Freeing unused kernel memory: 1488K (ffffffff81f45000 - ffffffff820b9000)
[    1.651783] Write protecting the kernel read-only data: 14336k
[    1.657875] Freeing unused kernel memory: 1776K (ffff880001844000 - ffff880001a00000)
[    1.664605] Freeing unused kernel memory: 116K (ffff880001de3000 - ffff880001e00000)
Loading, please wait...
starting version 229
[    1.682701] random: udevadm: uninitialized urandom read (16 bytes read, 10 bits of entropy available)
[    1.692777] random: systemd-udevd: uninitialized urandom read (16 bytes read, 10 bits of entropy available)
[    1.700795] random: systemd-udevd: uninitialized urandom read (16 bytes read, 10 bits of entropy available)
[    1.707972] random: udevadm: uninitialized urandom read (16 bytes read, 10 bits of entropy available)
[    1.714884] random: systemd-udevd: uninitialized urandom read (16 bytes read, 10 bits of entropy available)
[    1.721084] random: udevadm: uninitialized urandom read (16 bytes read, 10 bits of entropy available)
[    1.727663] random: udevadm: uninitialized urandom read (16 bytes read, 10 bits of entropy available)
[    1.734440] random: udevadm: uninitialized urandom read (16 bytes read, 10 bits of entropy available)
[    1.742424] random: udevadm: uninitialized urandom read (16 bytes read, 10 bits of entropy available)
[    1.748730] random: udevadm: uninitialized urandom read (16 bytes read, 10 bits of entropy available)
[    1.789301] FUJITSU Extended Socket Network Device Driver - version 1.0 - Copyright (c) 2015 FUJITSU LIMITED
[    1.850509] [drm] Initialized drm 1.1.0 20060810
[    1.859776] FDC 0 is a S82078B
[    1.940117] [TTM] Zone  kernel: Available graphics memory: 507164 kiB
[    1.944585] [TTM] Initializing pool allocator
[    1.956038] [TTM] Initializing DMA pool allocator
[    1.960345] [drm] fb mappable at 0xF0000000
[    1.963657] [drm] vram aper at 0xF0000000
[    1.966329] [drm] size 33554432
[    1.968608] [drm] fb depth is 24
[    1.970956] [drm]    pitch is 3072
[    1.973491] fbcon: cirrusdrmfb (fb0) is primary device
[    2.031601] Console: switching to colour frame buffer device 128x48
[    2.090092] cirrus 0000:00:02.0: fb0: cirrusdrmfb frame buffer device
[    2.093824] [drm] Initialized cirrus 1.0.0 20110418 for 0000:00:02.0 on minor 0
Begin: Loading essential drivers ... done.
Begin: Running /scripts/init-premount ... done.
Begin: Mounting root file system ... Begin: Running /scripts/nfs-top ... done.
Begin: Running /scripts/nfs-premount ... done.
Begin: Running /scripts/local-top ... done.
Begin: Running /scripts/local-premount ... done.
[    2.120172] zavl: module license 'CDDL' taints kernel.
[    2.123788] Disabling lock debugging due to kernel taint
[    2.130181] SPL: Loaded module v0.6.5.6-0ubuntu4
[    2.134068] tsc: Refined TSC clocksource calibration: 2399.999 MHz
[    2.138076] clocksource: tsc: mask: 0xffffffffffffffff max_cycles: 0x2298364cab5, max_idle_ns: 440795214892 ns
[    2.151696] zfs: module verification failed: signature and/or required key missing - tainting kernel
[    2.169208] ZFS: Loaded module v0.6.5.6-0ubuntu16, ZFS pool version 5000, ZFS filesystem version 5
[    2.774806] SPL: using hostid 0x1facd917
[    2.920827] input: ImExPS/2 Generic Explorer Mouse as /devices/platform/i8042/serio1/input/input4
Begin: Setting mountpoint=/ on ZFS filesystem rpool/ROOT/ubuntu ... done.
Begin: Mounting ZFS filesystem rpool/ROOT/ubuntu ... done.
Begin: Running /scripts/local-bottom ... done.
done.
Begin: Running /scripts/nfs-bottom ... done.
Begin: Running /scripts/init-bottom ... done.
[   14.510969] systemd[1]: systemd 229 running in system mode. (+PAM +AUDIT +SELINUX +IMA +APPARMOR +SMACK +SYSVINIT +UTMP +LIBCRYPTSETUP +GCRYPT +GNUTLS +ACL +XZ -LZ4 +SECCOMP +BLKID +ELFUTILS +KMOD -IDN)
[   14.520485] systemd[1]: Detected virtualization xen.
[   14.523217] systemd[1]: Detected architecture x86-64.

Welcome to [1mUbuntu 16.04 LTS[0m!

[   14.717223] systemd[1]: Set hostname to <ip-172-31-23-217>.
[   22.684437] systemd[1]: Started Forward Password Requests to Wall Directory Watch.
[[0;32m  OK  [0m] Started Forward Password Requests to Wall Directory Watch.
[   22.692376] systemd[1]: Reached target Remote File Systems (Pre).
[[0;32m  OK  [0m] Reached target Remote File Systems (Pre).
[   22.699219] systemd[1]: Reached target Swap.
[[0;32m  OK  [0m] Reached target Swap.
[   22.704585] systemd[1]: Created slice System Slice.
[[0;32m  OK  [0m] Created slice System Slice.
[   22.710058] systemd[1]: Reached target User and Group Name Lookups.
[[0;32m  OK  [0m] Reached target User and Group Name Lookups.
[   22.717239] systemd[1]: Listening on Journal Socket.
[[0;32m  OK  [0m] Listening on Journal Socket.
[   22.724626] systemd[1]: Starting Nameserver information manager...
         Starting Nameserver information manager...
[   22.733644] systemd[1]: Mounting Debug File System...
         Mounting Debug File System...
[   22.743323] systemd[1]: Starting Load Kernel Modules...
         Starting Load Kernel Modules...
[   22.751806] systemd[1]: Mounting POSIX Message Queue File System...
         Mounting POSIX Message Queue File System...
[   22.760269] systemd[1]: Mounting Huge Pages File System...
         Mounting Huge Pages File System...
[   22.767761] systemd[1]: Listening on udev Control Socket.
[[0;32m  OK  [0m] Listening on udev Control Socket.
[   22.775468] systemd[1]: Listening on Journal Socket (/dev/log).
[[0;32m  OK  [0m] Listening on Journal Socket (/dev/log).
[   22.783168] systemd[1]: Listening on udev Kernel Socket.
[[0;32m  OK  [0m] Listening on udev Kernel Socket.
[   22.790060] systemd[1]: Reached target Encrypted Volumes.
[[0;32m  OK  [0m] Reached target Encrypted Volumes.
[   22.797250] systemd[1]: Listening on /dev/initctl Compatibility Named Pipe.
[[0;32m  OK  [0m] Listening on /dev/initctl Compatibility Named Pipe.
[   22.805312] systemd[1]: Reached target Remote File Systems.
[[0;32m  OK  [0m] Reached target Remote File Systems.
[   22.813157] systemd[1]: Starting Uncomplicated firewall...
         Starting Uncomplicated firewall...
[   22.821501] systemd[1]: Listening on Journal Audit Socket.
[[0;32m  OK  [0m] Listening on Journal Audit Socket.
[   22.829831] systemd[1]: Created slice system-getty.slice.
[[0;32m  OK  [0m] Created slice system-getty.slice.
[   22.837308] systemd[1]: Starting Remount Root and Kernel File Systems...
         Starting Remount Root and Kernel File Systems...
[   22.846082] systemd[1]: Created slice system-serial\x2dgetty.slice.
[[0;32m  OK  [0m] Created slice system-serial\x2dgetty.slice.
[   22.854644] systemd[1]: Created slice User and Session Slice.
[[0;32m  OK  [0m] Created slice User and Session Slice.
[   22.861880] systemd[1]: Reached target Slices.
[[0;32m  OK  [0m] Reached target Slices.
[   22.868333] systemd[1]: Set up automount Arbitrary Executable File Formats File System Automount Point.
[[0;32m  OK  [0m] Set up automount Arbitrary Executab...ats File System Automount Point.
[   22.879378] systemd[1]: Starting Create list of required static device nodes for the current kernel...
         Starting Create list of required st... nodes for the current kernel...
[   22.889629] systemd[1]: Listening on Syslog Socket.
[[0;32m  OK  [0m] Listening on Syslog Socket.
[   22.896982] systemd[1]: Starting Journal Service...
         Starting Journal Service...
[   22.904833] systemd[1]: Started Uncomplicated firewall.
[[0;32m  OK  [0m] Started Uncomplicated firewall.
[   22.912405] systemd[1]: Started Remount Root and Kernel File Systems.
[[0;32m  OK  [0m] Started Remount Root and Kernel File Systems.
[   22.921439] systemd[1]: Started Load Kernel Modules.
[[0;32m  OK  [0m] Started Load Kernel Modules.
[   22.945625] systemd[1]: Starting Apply Kernel Variables...
         Starting Apply Kernel Variables...
[   22.953584] systemd[1]: Mounting FUSE Control File System...
         Mounting FUSE Control File System...
[   22.961118] systemd[1]: Starting Load/Save Random Seed...
         Starting Load/Save Random Seed...
[   23.122271] systemd[1]: Starting udev Coldplug all Devices...
         Starting udev Coldplug all Devices...
[   23.132788] systemd[1]: Starting Initial cloud-init job (pre-networking)...
         Starting Initial cloud-init job (pre-networking)...
[   23.142395] systemd[1]: Started Create list of required static device nodes for the current kernel.
[[0;32m  OK  [0m] Started Create list of required sta...ce nodes for the current kernel.
[   23.152483] systemd[1]: Started Load/Save Random Seed.
[[0;32m  OK  [0m] Started Load/Save Random Seed.
[[0;32m  OK  [0m] Mounted POSIX Message Queue File System.
[[0;32m  OK  [0m] Mounted Huge Pages File System.
[[0;32m  OK  [0m] Mounted FUSE Control File System.
[[0;32m  OK  [0m] Mounted Debug File System.
[[0;32m  OK  [0m] Started Apply Kernel Variables.
         Starting Create Static Device Nodes in /dev...
[[0;32m  OK  [0m] Started udev Coldplug all Devices.
         Starting udev Wait for Complete Device Initialization...
[[0;32m  OK  [0m] Started Nameserver information manager.
[[0;32m  OK  [0m] Started Journal Service.
         Starting Flush Journal to Persistent Storage...
[[0;32m  OK  [0m] Started Create Static Device Nodes in /dev.
         Starting udev Kernel Device Manager...
[[0;32m  OK  [0m] Started Flush Journal to Persistent Storage.
[[0;32m  OK  [0m] Started udev Kernel Device Manager.
[[0;32m  OK  [0m] Reached target Local File Systems (Pre).
[[0;32m  OK  [0m] Started Dispatch Password Requests to Console Directory Watch.
[[0;32m  OK  [0m] Found device /dev/ttyS0.
[   25.390921] piix4_smbus 0000:00:01.3: SMBus base address uninitialized - upgrade BIOS or use force_addr=0xaddr
[[0;32m  OK  [0m] Listening on Load/Save RF Kill Switch Status /dev/rfkill Watch.
[[0;32m  OK  [0m] Found device /sys/subsystem/net/devices/eth0.
[[0;32m  OK  [0m] Started udev Wait for Complete Device Initialization.
         Starting Import ZFS pools by cache file...
[[0;32m  OK  [0m] Started Import ZFS pools by cache file.
         Starting Mount ZFS filesystems...
[[0;32m  OK  [0m] Started Mount ZFS filesystems.
[[0;32m  OK  [0m] Reached target Local File Systems.
         Starting Create Volatile Files and Directories...
         Starting Tell Plymouth To Write Out Runtime Data...
         Starting LSB: AppArmor initialization...
         Starting Set console keymap...
[[0;32m  OK  [0m] Started Set console keymap.
[[0;32m  OK  [0m] Started Tell Plymouth To Write Out Runtime Data.
[[0;32m  OK  [0m] Started Create Volatile Files and Directories.
         Starting Network Time Synchronization...
         Starting Update UTMP about System Boot/Shutdown...
[[0;32m  OK  [0m] Started Network Time Synchronization.
[[0;32m  OK  [0m] Started Update UTMP about System Boot/Shutdown.
[[0;32m  OK  [0m] Reached target System Time Synchronized.
[[0;32m  OK  [0m] Started LSB: AppArmor initialization.
[   35.937182] cloud-init[1385]: Cloud-init v. 0.7.9 running 'init-local' at Sat, 15 Apr 2017 19:17:34 +0000. Up 35.64 seconds.
[[0;32m  OK  [0m] Started Initial cloud-init job (pre-networking).
[[0;32m  OK  [0m] Reached target Network (Pre).
[[0;32m  OK  [0m] Started ifup for eth0.
         Starting Raise network interfaces...
[[0;32m  OK  [0m] Started Raise network interfaces.
         Starting Initial cloud-init job (metadata service crawler)...
[[0;32m  OK  [0m] Reached target Network.
[   37.740128] cloud-init[1794]: Cloud-init v. 0.7.9 running 'init' at Sat, 15 Apr 2017 19:17:36 +0000. Up 37.14 seconds.
[   37.748702] cloud-init[1794]: ci-info: ++++++++++++++++++++++++++++++++++++++Net device info++++++++++++++++++++++++++++++++++++++
[   37.760195] cloud-init[1794]: ci-info: +--------+------+-----------------------------+---------------+-------+-------------------+
[   37.768718] cloud-init[1794]: ci-info: | Device |  Up  |           Address           |      Mask     | Scope |     Hw-Address    |
[   37.776220] cloud-init[1794]: ci-info: +--------+------+-----------------------------+---------------+-------+-------------------+
[   37.781747] cloud-init[1794]: ci-info: |  eth0  | True |         172.31.34.30        | 255.255.240.0 |   .   | 0e:62:8c:a6:47:d4 |
[   37.786579] cloud-init[1794]: ci-info: |  eth0  | True | fe80::c62:8cff:fea6:47d4/64 |       .       |  link | 0e:62:8c:a6:47:d4 |
[   37.791607] cloud-init[1794]: ci-info: |   lo   | True |          127.0.0.1          |   255.0.0.0   |   .   |         .         |
[   37.796590] cloud-init[1794]: ci-info: |   lo   | True |           ::1/128           |       .       |  host |         .         |
[   37.802675] cloud-init[1794]: ci-info: +--------+------+-----------------------------+---------------+-------+-------------------+
[   37.808620] cloud-init[1794]: ci-info: +++++++++++++++++++++++++++++Route IPv4 info+++++++++++++++++++++++++++++
[   37.813796] cloud-init[1794]: ci-info: +-------+-------------+-------------+---------------+-----------+-------+
[   37.818891] cloud-init[1794]: ci-info: | Route | Destination |   Gateway   |    Genmask    | Interface | Flags |
[   37.823776] cloud-init[1794]: ci-info: +-------+-------------+-------------+---------------+-----------+-------+
[   37.828924] cloud-init[1794]: ci-info: |   0   |   0.0.0.0   | 172.31.32.1 |    0.0.0.0    |    eth0   |   UG  |
[   37.833955] cloud-init[1794]: ci-info: |   1   | 172.31.32.0 |   0.0.0.0   | 255.255.240.0 |    eth0   |   U   |
[   37.839172] cloud-init[1794]: ci-info: +-------+-------------+-------------+---------------+-----------+-------+
[   37.844220] cloud-init[1794]: 2017-04-15 19:17:36,612 - cc_resizefs.py[WARNING]: Device 'rpool/ROOT/ubuntu' did not exist. cannot resize: dev=rpool/ROOT/ubuntu mnt_point=/ path=/
[   40.222824] cloud-init[1794]: Generating public/private rsa key pair.
[   40.228229] cloud-init[1794]: Your identification has been saved in /etc/ssh/ssh_host_rsa_key.
[   40.236236] cloud-init[1794]: Your public key has been saved in /etc/ssh/ssh_host_rsa_key.pub.
[   40.244209] cloud-init[1794]: The key fingerprint is:
[   40.252196] cloud-init[1794]: SHA256:TmEeJ7HHJsRofatrl3jdWqx4HpcDWEdAMwVNYGv3Cbk root@ip-172-31-34-30
[   40.260406] cloud-init[1794]: The key's randomart image is:
[   40.268226] cloud-init[1794]: +---[RSA 2048]----+
[   40.271377] cloud-init[1794]: |       +o  .OB+  |
[   40.278095] cloud-init[1794]: |      o.o+.. =o  |
[   40.284716] cloud-init[1794]: |     .  B.=.+oo  |
[   40.292188] cloud-init[1794]: |       o O.+ oo..|
[[0;32m  OK  [0m] Started Initial cloud-init job (metadata service crawler).[   40.301341] cloud-init[1794]: |        S.. .E ..|
[   40.303558] cloud-init
[[0;32m  OK  [0m] Reached target Network is Online.[1794]: |       o.    o . |
[   40.310506] cloud-init[1794]: |        .o o..*  |
[[0;32m  OK  [0m] Reached target Cloud-config availability.
[[0;32m  OK  [0m
[   40.316730] cloud-init[1794]: |        + +.o=.. |
[   40.319354] cloud-init] Reached target System Initialization.
[[0;32m  OK  [0m] Listening on UUID daemon activation socket.[1794]: |       . o.o+.   |
[   40.325505] cloud-init[1794]: +----[SHA256]-----+
[   40.327875] 
[[0;32m  OK  [0m] Started Daily apt activities.
[[0;32m  OK  [0mcloud-init[1794]: Generating public/private dsa key pair.
[   40.334369] cloud-init[1794]: Your identification has been saved in /etc/ssh/ssh_host_dsa_key.] Listening on D-Bus System Message Bus Socket.
[[0;32m  OK  [0m] Reached target Sockets.
[[0;32m  OK  [0m] Started Daily Cleanup of Temporary Directories.
[
[   40.344621] cloud-init[1794]: Your public key has been saved in /etc/ssh/ssh_host_dsa_key.pub.
[   40.347922] [0;32m  OK  [0m] Reached target Timers.
[[0;32m  OK  [0m] Started Trigger resolvconf update for networkd DNS.cloud-init[1794]: The key fingerprint is:
[   40.355027] cloud-init[1794]: 
[[0;32m  OK  [0m] Reached target Paths.
[[0;32m  OK  [0m] Reached target Basic System.SHA256:1yZNCAi2u/ifeaiNZWdGgTttaHWLt3oMynqWv9C0pzY root@ip-172-31-34-30
[   40.363075] cloud-init[1794]: 
         Starting /etc/rc.local Compatibility...
The key's randomart image is:
[   40.370201] cloud-init         [1794]: +---[DSA 1024]----+
Starting LSB: Set the CPU Frequency Scaling governor to "ondemand"...
[[   40.381091] cloud-init[1794]: |    o. ..        |
[   40.383308] cloud-init[0;32m  OK  [0m] Started D-Bus System Message Bus.
[1794]: |   . ... . .     |
[   40.395086] cloud-init[1794]: |    . . o o .    |
[   40.398175] cloud-init[1794]: |     . = + =     |
[   40.401226] cloud-init[1794]: |    . = S = +    |
[   40.404123] cloud-init[1794]: |   . o *.+ +     |
[   40.407508] cloud-init[1794]: |  . ..++*oo      |
[   40.410561] cloud-init[1794]: |   . =BBE+o      |
[   40.413468] cloud-init[1794]: |    =*=+=+       |
[   40.416617] cloud-init[1794]: +----[SHA256]-----+
[   40.419513] cloud-init[1794]: Generating public/private ecdsa key pair.
[   40.422941] cloud-init[1794]: Your identification has been saved in /etc/ssh/ssh_host_ecdsa_key.
[   40.427254] cloud-init[1794]: Your public key has been saved in /etc/ssh/ssh_host_ecdsa_key.pub.
[   40.431604] cloud-init[1794]: The key fingerprint is:
[   40.434632] cloud-init[1794]: SHA256:I22nB2fZEYi5TR12aFyeRdWSQO9InR0g55jaLpns1Zo root@ip-172-31-34-30
[   40.438717] cloud-init[1794]: The key's randomart image is:
[   40.441832] cloud-init[1794]: +---[ECDSA 256]---+
[   40.444802] cloud-init[1794]: |         o **B++*|
[   40.448106] cloud-init[1794]: |        o o.@*o=o|
[   40.451129] cloud-init[1794]: |         + +o.*..|
[   40.454206] cloud-init[1794]: |       .. ++ +   |
[   40.457052] cloud-init[1794]: |      . S.=.o .  |
[   40.460567] cloud-init[1794]: |       o.B+ .    |
[   40.463448] cloud-init[1794]: |        .=.o .   |
[   40.466238] cloud-init[1794]: |        ..o o    |
[   40.469043] cloud-init[1794]: |         . E     |
[   40.472022] cloud-init[1794]: +----[SHA256]-----+
[   40.474960] cloud-init[1794]: Generating public/private ed25519 key pair.
[   40.478434] cloud-init[1794]: Your identification has been saved in /etc/ssh/ssh_host_ed25519_key.
[   40.482399] cloud-init[1794]: Your public key has been saved in /etc/ssh/ssh_host_ed25519_key.pub.
[   40.486607] cloud-init[1794]: The key fingerprint is:
[   40.489929] cloud-init[1794]: SHA256:qpNrdTh06C7G2JBNq5EQYnMaqLqPvooBpLgDqPXUnwE root@ip-172-31-34-30
[   40.494911] cloud-init[1794]: The key's randomart image is:
[   40.500083] cloud-init[1794]: +--[ED25519 256]--+
[   40.505180] cloud-init[1794]: |.                |
[   40.509117] cloud-init[1794]: |++ .             |
[   40.512753] cloud-init[1794]: |+o=   E.         |
[   40.516512] cloud-init[1794]: |B.  ..o..        |
[   40.519442] cloud-init[1794]: |B..=.+.oS        |
[   40.522361] cloud-init[1794]: |=o=oo =o.o       |
[   40.525208] cloud-init[1794]: |=. B.+.oo        |
[   40.528167] cloud-init[1794]: |o+o O..          |
[   40.531662] cloud-init[1794]: |*+ooo+           |
[   40.534843] cloud-init[1794]: +----[SHA256]-----+
         Starting System Logging Service...
         Starting Thermal Daemon Service...
         Starting LSB: Network share OpenZFS datasets....
         Starting LSB: Record successful boot for GRUB...
         Starting LSB: daemon to balance interrupts for SMP systems...
         Starting Apply the settings specified in cloud-config...
[[0;32m  OK  [0m] Started Regular background program processing daemon.
         Starting Permit User Sessions...
         Starting Accounts Service...
[[0;32m  OK  [0m] Started ZFS Event Daemon (zed).
         Starting Login Service...
         Starting OpenBSD Secure Shell server...
[[0;32m  OK  [0m] Started /etc/rc.local Compatibility.
[[0;32m  OK  [0m] Started Permit User Sessions.
         Starting Hold until boot process finishes up...
         Starting Terminate Plymouth Boot Screen...
[[0;32m  OK  [0m] Started System Logging Service.
[[0;32m  OK  [0m] Started LSB: Set the CPU Frequency Scaling governor to "ondemand".
[[0;32m  OK  [0m] Started LSB: Network share OpenZFS datasets..
[[0;32m  OK  [0m] Started Hold until boot process finishes up.
[[0;32m  OK  [0m] Started Terminate Plymouth Boot Screen.
[[0;32m  OK  [0m] Started Serial Getty on ttyS0.
[[0;32m  OK  [0m] Started Getty on tty1.
[[0;32m  OK  [0m] Reached target Login Prompts.
[[0;32m  OK  [0m] Reached target ZFS startup target.
[[0;32m  OK  [0m] Started Login Service.
[[0;32m  OK  [0m] Started LSB: Record successful boot for GRUB.
[[0;32m  OK  [0m] Started LSB: daemon to balance interrupts for SMP systems.
[[0;32m  OK  [0m] Started Accounts Service.
[[0;32m  OK  [0m] Started OpenBSD Secure Shell server.
[   42.037908] cloud-init[1871]: Generating locales (this might take a while)...
[[0;32m  OK  [0m] Started Thermal Daemon Service.
[[0;32m  OK  [0m] Reached target Multi-User System.
[[0;32m  OK  [0m] Reached target Graphical Interface.
         Starting Update UTMP about System Runlevel Changes...
[[0;32m  OK  [0m] Started Update UTMP about System Runlevel Changes.
[   44.703547] cloud-init[1871]:   en_US.UTF-8... done
[   44.708145] cloud-init[1871]: Generation complete.

Ubuntu 16.04 LTS ip-172-31-34-30 ttyS0

ip-172-31-34-30 login: [   49.227841] cloud-init[1871]: Cloud-init v. 0.7.9 running 'modules:config' at Sat, 15 Apr 2017 19:17:40 +0000. Up 41.35 seconds.
ci-info: +++++Authorized keys from /home/ubuntu/.ssh/authorized_keys for user ubuntu++++++
ci-info: +---------+-------------------------------------------------+---------+---------+
ci-info: | Keytype |                Fingerprint (md5)                | Options | Comment |
ci-info: +---------+-------------------------------------------------+---------+---------+
ci-info: | ssh-rsa | b7:5a:ac:53:83:09:d5:cc:e8:f7:4e:e2:bf:67:1b:e3 |    -    |  jen20  |
ci-info: +---------+-------------------------------------------------+---------+---------+
<14>Apr 15 19:17:48 ec2: 
<14>Apr 15 19:17:48 ec2: #############################################################
<14>Apr 15 19:17:48 ec2: -----BEGIN SSH HOST KEY FINGERPRINTS-----
<14>Apr 15 19:17:48 ec2: 1024 SHA256:1yZNCAi2u/ifeaiNZWdGgTttaHWLt3oMynqWv9C0pzY root@ip-172-31-34-30 (DSA)
<14>Apr 15 19:17:48 ec2: 256 SHA256:I22nB2fZEYi5TR12aFyeRdWSQO9InR0g55jaLpns1Zo root@ip-172-31-34-30 (ECDSA)
<14>Apr 15 19:17:48 ec2: 256 SHA256:qpNrdTh06C7G2JBNq5EQYnMaqLqPvooBpLgDqPXUnwE root@ip-172-31-34-30 (ED25519)
<14>Apr 15 19:17:48 ec2: 2048 SHA256:TmEeJ7HHJsRofatrl3jdWqx4HpcDWEdAMwVNYGv3Cbk root@ip-172-31-34-30 (RSA)
<14>Apr 15 19:17:48 ec2: -----END SSH HOST KEY FINGERPRINTS-----
<14>Apr 15 19:17:48 ec2: #############################################################
-----BEGIN SSH HOST KEY KEYS-----
ecdsa-sha2-nistp256 AAAAE2VjZHNhLXNoYTItbmlzdHAyNTYAAAAIbmlzdHAyNTYAAABBBHlszmP1X6dG89YllW0P5giiK9Zw7kYG3ZqRl20uCN3ccd4kJtu4SPQ/4C7SF8EqFT1jV7mYgFwQBGk2CxBFMXs= root@ip-172-31-34-30
ssh-ed25519 AAAAC3NzaC1lZDI1NTE5AAAAIN21qV9XJj1ns+UcUVYBLxO+YFsbdO5o+xD3ywRiLq8I root@ip-172-31-34-30
ssh-rsa AAAAB3NzaC1yc2EAAAADAQABAAABAQC61LgHyaAiXuWp2ym4Vfg70DrTnb8a/mWXugk9Yug44Au+Sfa/eGblhMPMbH/VHMHu1PhHUvN8raCG4xXbdN0303S73UpL85D7RIUoCNMHf/8KuKPMYpKlH7On1fmb7zusZOIhnXr2nl1BJdbEW2hvTh09B2tJEywsBqHr6VT79UqVub1nhzw4+idpPlUTqZ1XJkaCuRa748nvVbXUt6+iqCBIP2CcQjWKsmTyRRsMxeoJD4+zIIFElcD3Yd16/uHI9ra/rtC1CfHukKo/L+rnIAuPTQQd3yTmscB3Q39QsisUq8gWxRpricNIqQXTB5oiA+1QFztkO3pT9Zrj3Lol root@ip-172-31-34-30
-----END SSH HOST KEY KEYS-----
[   50.015446] cloud-init[1969]: Cloud-init v. 0.7.9 running 'modules:final' at Sat, 15 Apr 2017 19:17:48 +0000. Up 49.53 seconds.
[   50.024690] cloud-init[1969]: Cloud-init v. 0.7.9 finished at Sat, 15 Apr 2017 19:17:48 +0000. Datasource DataSourceEc2.  Up 50.00 seconds
[[0;32m  OK  [0m] Stopped target Timers.
[[0;32m  OK  [0m] Stopped target Graphical Interface.
         Stopping Accounts Service...
[[0;32m  OK  [0m] Stopped Daily Cleanup of Temporary Directories.
[[0;32m  OK  [0m] Closed Load/Save RF Kill Switch Status /dev/rfkill Watch.
[[0;32m  OK  [0m] Stopped target Cloud-init target.
[[0;32m  OK  [0m] Stopped Execute cloud user/final scripts.
[[0;32m  OK  [0m] Stopped Apply the settings specified in cloud-config.
[[0;32m  OK  [0m] Stopped target Cloud-config availability.
[[0;32m  OK  [0m] Stopped target Multi-User System.
         Stopping LSB: daemon to balance interrupts for SMP systems...
         Stopping D-Bus System Message Bus...
         Stopping Regular background program processing daemon...
         Stopping System Logging Service...
[[0;32m  OK  [0m] Stopped target ZFS startup target.
         Stopping ZFS Event Daemon (zed)...
         Stopping LSB: Network share OpenZFS datasets....
         Stopping LSB: Record successful boot for GRUB...
         Stopping LSB: Set the CPU Frequency Scaling governor to "ondemand"...
         Stopping Login Service...
         Stopping OpenBSD Secure Shell server...
[[0;32m  OK  [0m] Stopped target Login Prompts.
         Stopping Serial Getty on ttyS0...
         Stopping Getty on tty1...
[[0;32m  OK  [0m] Stopped Daily apt activities.
[[0;32m  OK  [0m] Stopped target System Time Synchronized.
[[0;32m  OK  [0m] Stopped System Logging Service.
[[0;32m  OK  [0m] Stopped Regular background program processing daemon.
[[0;32m  OK  [0m] Stopped Accounts Service.
[[0;32m  OK  [0m] Stopped ZFS Event Daemon (zed).
[[0;32m  OK  [0m] Stopped Login Service.
[[0;32m  OK  [0m] Stopped OpenBSD Secure Shell server.
[[0;32m  OK  [0m] Stopped Serial Getty on ttyS0.
[[0;32m  OK  [0m] Stopped Getty on tty1.
[[0;32m  OK  [0m] Stopped D-Bus System Message Bus.
[[0;32m  OK  [0m] Stopped LSB: daemon to balance interrupts for SMP systems.
[[0;32m  OK  [0m] Stopped LSB: Network share OpenZFS datasets..
[[0;32m  OK  [0m] Stopped LSB: Record successful boot for GRUB.
[[0;32m  OK  [0m] Stopped LSB: Set the CPU Frequency Scaling governor to "ondemand".
[[0;32m  OK  [0m] Removed slice system-getty.slice.
         Stopping Permit User Sessions...
[[0;32m  OK  [0m] Stopped /etc/rc.local Compatibility.
[[0;32m  OK  [0m] Stopped target Network is Online.
[[0;32m  OK  [0m] Removed slice system-serial\x2dgetty.slice.
[[0;32m  OK  [0m] Stopped target Network.
[[0;32m  OK  [0m] Stopped Permit User Sessions.
[[0;32m  OK  [0m] Stopped target User and Group Name Lookups.
[[0;32m  OK  [0m] Stopped target Basic System.
[[0;32m  OK  [0m] Stopped target Sockets.
[[0;32m  OK  [0m] Closed D-Bus System Message Bus Socket.
[[0;32m  OK  [0m] Closed UUID daemon activation socket.
[[0;32m  OK  [0m] Closed Syslog Socket.
[[0;32m  OK  [0m] Stopped target Paths.
[[0;32m  OK  [0m] Stopped Dispatch Password Requests to Console Directory Watch.
[[0;32m  OK  [0m] Stopped Trigger resolvconf update for networkd DNS.
[[0;32m  OK  [0m] Stopped Forward Password Requests to Wall Directory Watch.
[[0;32m  OK  [0m] Stopped target System Initialization.
[[0;32m  OK  [0m] Stopped Initial cloud-init job (metadata service crawler).
         Stopping Raise network interfaces...
         Stopping Load/Save Random Seed...
[[0;32m  OK  [0m] Stopped target Encrypted Volumes.
[[0;32m  OK  [0m] Stopped target Swap.
         Stopping Network Time Synchronization...
         Stopping Update UTMP about System Boot/Shutdown...
[[0;32m  OK  [0m] Stopped target Slices.
[[0;32m  OK  [0m] Removed slice User and Session Slice.
[[0;32m  OK  [0m] Stopped target Remote File Systems.
[[0;32m  OK  [0m] Stopped target Remote File Systems (Pre).
[[0;32m  OK  [0m] Stopped Network Time Synchronization.
[[0;32m  OK  [0m] Stopped Load/Save Random Seed.
[[0;32m  OK  [0m] Stopped Update UTMP about System Boot/Shutdown.
[[0;32m  OK  [0m] Stopped Create Volatile Files and Directories.
[[0;32m  OK  [0m] Stopped Raise network interfaces.
[[0;32m  OK  [0m] Stopped target Network (Pre).
[[0;32m  OK  [0m] Stopped Initial cloud-init job (pre-networking).
[[0;32m  OK  [0m] Stopped target Local File Systems.
         Unmounting /var/lib...
         Starting Unattended Upgrades Shutdown...
         Unmounting /var/spool...
         Unmounting /home...
         Unmounting /var/log...
         Unmounting /var/tmp...
         Unmounting /var/cache...
         Unmounting /root...
[[0;32m  OK  [0m] Stopped Apply Kernel Variables.
[[0;32m  OK  [0m] Stopped Load Kernel Modules.
[[0;32m  OK  [0m] Unmounted /var/lib.
[[0;32m  OK  [0m] Unmounted /var/spool.
[[0;32m  OK  [0m] Unmounted /home.
[[0;32m  OK  [0m] Unmounted /var/log.
[[0;32m  OK  [0m] Unmounted /var/tmp.
[[0;32m  OK  [0m] Unmounted /var/cache.
[[0;32m  OK  [0m] Unmounted /root.
         Unmounting /var...
[[0;32m  OK  [0m] Unmounted /var.
[[0;32m  OK  [0m] Reached target Unmount All Filesystems.
[[0;32m  OK  [0m] Stopped target Local File Systems (Pre).
[[0;32m  OK  [0m] Stopped Remount Root and Kernel File Systems.
[[0;32m  OK  [0m] Stopped Create Static Device Nodes in /dev.

